edges
| TaintedPath.go:12:10:12:14 | selection of URL : pointer type | TaintedPath.go:15:29:15:32 | path |
| TaintedPath.go:12:10:12:14 | selection of URL : pointer type | TaintedPath.go:19:28:19:61 | call to Join |
| tst.go:14:2:14:39 | ... := ...[1] : pointer type | tst.go:17:41:17:47 | implicit dereference : FileHeader |
| tst.go:14:2:14:39 | ... := ...[1] : pointer type | tst.go:17:41:17:56 | selection of Filename |
| tst.go:17:41:17:47 | implicit dereference : FileHeader | tst.go:17:41:17:47 | implicit dereference : FileHeader |
| tst.go:17:41:17:47 | implicit dereference : FileHeader | tst.go:17:41:17:56 | selection of Filename |
nodes
| TaintedPath.go:12:10:12:14 | selection of URL : pointer type | semmle.label | selection of URL : pointer type |
| TaintedPath.go:15:29:15:32 | path | semmle.label | path |
| TaintedPath.go:19:28:19:61 | call to Join | semmle.label | call to Join |
| tst.go:14:2:14:39 | ... := ...[1] : pointer type | semmle.label | ... := ...[1] : pointer type |
| tst.go:17:41:17:47 | implicit dereference : FileHeader | semmle.label | implicit dereference : FileHeader |
| tst.go:17:41:17:56 | selection of Filename | semmle.label | selection of Filename |
subpaths
#select
| TaintedPath.go:15:29:15:32 | path | TaintedPath.go:12:10:12:14 | selection of URL : pointer type | TaintedPath.go:15:29:15:32 | path | This path depends on $@. | TaintedPath.go:12:10:12:14 | selection of URL | a user-provided value |
| TaintedPath.go:19:28:19:61 | call to Join | TaintedPath.go:12:10:12:14 | selection of URL : pointer type | TaintedPath.go:19:28:19:61 | call to Join | This path depends on $@. | TaintedPath.go:12:10:12:14 | selection of URL | a user-provided value |
| tst.go:17:41:17:56 | selection of Filename | tst.go:14:2:14:39 | ... := ...[1] : pointer type | tst.go:17:41:17:56 | selection of Filename | This path depends on $@. | tst.go:14:2:14:39 | ... := ...[1] | a user-provided value |
